// Jest Snapshot v1, https://goo.gl/fbAQLP

exports[`When loading graph Displays something 1`] = `null`;
